// Jest Snapshot v1, https://goo.gl/fbAQLP

exports[`HomeScreen should match basic snapshot 1`] = `<View />`;
